Electron应用已就绪
创建测试窗口
加载静态HTML文件: E:\mofa\xiangmu\xiangmu;cursor\003\static-index.html
渲染进程控制台 [1]: 静态HTML页面已加载
渲染进程控制台 [1]: DOM已完全加载
页面加载完成
渲染进程控制台 [2]: %cElectron Security Warning (Disabled webSecurity) font-weight: bold; This renderer process has "webSecurity" disabled. This
  exposes users of this app to severe security risks.

For more information and help, consult
https://electronjs.org/docs/tutorial/security.
This warning will not show up
once the app is packaged.
渲染进程控制台 [2]: %cElectron Security Warning (allowRunningInsecureContent) font-weight: bold; This renderer process has "allowRunningInsecureContent"
  enabled. This exposes users of this app to severe security risks.

  
For more information and help, consult
https://electronjs.org/docs/tutorial/security.
This warning will not show up
once the app is packaged.
渲染进程控制台 [2]: %cElectron Security Warning (Insecure Content-Security-Policy) font-weight: bold; This renderer process has either no Content Security
  Policy set or a policy with "unsafe-eval" enabled. This exposes users of
  this app to unnecessary security risks.

For more information and help, consult
https://electronjs.org/docs/tutorial/security.
This warning will not show up
once the app is packaged.
页面内容片段: 
  <header class="header">
    <div class="logo">工具箱</div>
    <nav>
      <ul>
        <li><a href=
所有窗口已关闭
